app/page.tsx(181,21): error TS2322: Type 'string | undefined' is not assignable to type 'string'.
  Type 'undefined' is not assignable to type 'string'.
components/common/ui/resizable.tsx(8,8): error TS2307: Cannot find module 'react-resizable-panels' or its corresponding type declarations.
